[INFO]: 🎯  Checking for the Wasm target...
[INFO]: 🌀  Compiling to Wasm...
   Compiling zega v0.1.2 (<cmp>/src/zega)
warning: unused variable: `wal_path`
   --> /zega/zega/src/lib.rs:295:13
    |
295 |         let wal_path = path.join("wal.bin");
    |             ^^^^^^^^ help: if this is intentional, prefix it with an underscore: `_wal_path`
    |
    = note: `#[warn(unused_variables)]` (part of `#[warn(unused)]`) on by default


warning: field `in_memory` is never read
   --> /zega/zega/src/lib.rs:158:5
    |
152 | pub struct Zega {
    |            ---- field in this struct
...
158 |     in_memory: bool,
    |     ^^^^^^^^^
    |
    = note: `#[warn(dead_code)]` (part of `#[warn(unused)]`) on by default


warning: field `wal_flush_every` is never read
   --> /zega/zega/src/lib.rs:168:5
    |
165 | pub struct ZegaBuilder {
    |            ----------- field in this struct
...
168 |     wal_flush_every: bool,
    |     ^^^^^^^^^^^^^^^


   Compiling zega-wasm v0.1.2 (<cmp>/src/zega-wasm)
    Finished `release` profile [optimized] target(s) in 10.06s
[INFO]: Optimizing wasm binaries with `wasm-opt`...
[INFO]: Optional field missing from Cargo.toml: 'description'. This is not necessary, but recommended
[INFO]: License key is set in Cargo.toml but no LICENSE file(s) were found; Please add the LICENSE file(s) to your project directory
[INFO]: ✨   Done in 15.00s
[INFO]: 📦   Your wasm pkg is ready to publish at <cmp>/out/B.
e4fefa5b07a5a8e2d747a50fca7ec85a0ca69a3e20058acb64a3d57f7bc5d02a  <cmp>/out/B/zega_wasm_bg.wasm
 2757992
